
===========================================================================
 report_power
============================================================================
======================= Fastest Corner ===================================

Group                  Internal  Switching    Leakage      Total
                          Power      Power      Power      Power (Watts)
----------------------------------------------------------------
Sequential             1.01e-04   2.60e-05   1.59e-07   1.27e-04  34.2%
Combinational          1.39e-04   1.05e-04   3.52e-09   2.44e-04  65.8%
Macro                  0.00e+00   0.00e+00   0.00e+00   0.00e+00   0.0%
Pad                    0.00e+00   0.00e+00   0.00e+00   0.00e+00   0.0%
----------------------------------------------------------------
Total                  2.39e-04   1.31e-04   1.62e-07   3.71e-04 100.0%
                          64.6%      35.3%       0.0%

======================= Slowest Corner ===================================

Group                  Internal  Switching    Leakage      Total
                          Power      Power      Power      Power (Watts)
----------------------------------------------------------------
Sequential             6.77e-05   1.70e-05   6.34e-07   8.53e-05  33.6%
Combinational          9.96e-05   6.80e-05   8.58e-07   1.69e-04  66.4%
Macro                  0.00e+00   0.00e+00   0.00e+00   0.00e+00   0.0%
Pad                    0.00e+00   0.00e+00   0.00e+00   0.00e+00   0.0%
----------------------------------------------------------------
Total                  1.67e-04   8.50e-05   1.49e-06   2.54e-04 100.0%
                          65.9%      33.5%       0.6%

======================= Typical Corner ===================================

Group                  Internal  Switching    Leakage      Total
                          Power      Power      Power      Power (Watts)
----------------------------------------------------------------
Sequential             8.71e-05   2.18e-05   1.59e-07   1.09e-04  34.1%
Combinational          1.23e-04   8.79e-05   2.53e-09   2.11e-04  65.9%
Macro                  0.00e+00   0.00e+00   0.00e+00   0.00e+00   0.0%
Pad                    0.00e+00   0.00e+00   0.00e+00   0.00e+00   0.0%
----------------------------------------------------------------
Total                  2.10e-04   1.10e-04   1.61e-07   3.20e-04 100.0%
                          65.7%      34.3%       0.1%

